C51 COMPILER V9.01   VOICE                                                                 04/23/2013 11:43:46 PAGE 1   


C51 COMPILER V9.01, COMPILATION OF MODULE VOICE
OBJECT MODULE PLACED IN .\out\voice.obj
COMPILER INVOKED BY: d:\Keil\C51\BIN\C51.EXE voice.c BROWSE DEBUG OBJECTEXTEND PRINT(.\listing\voice.lst) OBJECT(.\out\v
                    -oice.obj)

line level    source

   1          #include "N79E81x.h"
   2          #include"voice.h"
   3          
   4          //延时 X 毫秒
   5          void delay_ms(unsigned int count)
   6          {
   7   1              unsigned int i,j;
   8   1              for(i=0;i<count;i++)
   9   1              {
  10   2                      for(j=0;j<600;j++);
  11   2              }
  12   1      }
  13          
  14          //延时 X 微秒
  15          void delay_us(unsigned int count)
  16          {
  17   1              unsigned int i,j;
  18   1              for(i=0;i<count;i++)
  19   1              {
  20   2                      for(j=0;j<2;j++);
  21   2              }
  22   1      }
  23             
  24          //控制地址段放音
  25          void SC_Speech(unsigned char cnt)
  26          {
  27   1              unsigned char i;
  28   1      //      SC_RST=1;
  29   1      //      delay_ms(15); //DAC, 大于 32 段为 15MS
  30   1              SC_RST=0;
  31   1              delay_ms(40);
  32   1              SC_RST=1;
  33   1              delay_ms(40);
  34   1              for(i=0;i < cnt;i++)
  35   1              {
  36   2                      SC_DATA=1; // 数据脉冲高
  37   2                      delay_us(350); // 延时 100US
  38   2                      SC_DATA=0; // 数据脉冲低
  39   2                      delay_us(350); // 延时 100US
  40   2              }
  41   1      }
  42          
  43          void noVoice()
  44          {
  45   1              P14=0;
  46   1              SC_DATA=0;
  47   1              SC_RST=0;
  48   1              delay_us(1000); // 上电复位防止干扰发声
  49   1              SC_RST=1;
  50   1              delay_us(1000);
  51   1              P14=1;
  52   1      }
  53          
  54          ///************* 主程序 ****************/
C51 COMPILER V9.01   VOICE                                                                 04/23/2013 11:43:46 PAGE 2   

  55          //void main (void)
  56          //{
  57          //
  58          //      P14=0;
  59          //      SC_DATA=0;
  60          //      SC_RST=1;
  61          //      delay_us(1000); // 上电复位防止干扰发声
  62          //      SC_RST=0;
  63          //      delay_us(1000);
  64          //      while(1)
  65          //      {
  66          //
  67          //
  68          //
  69          //              P14=1;
  70          //              SC_Speech(2); // 发 8 个触发信号 , 发第 8 段声音
  71          //
  72          //              
  73          //              delay_ms(5000); // 延时放音时间 5 秒
  74          //              P14=0;
  75          //
  76          //      }
  77          //}


MODULE INFORMATION:   STATIC OVERLAYABLE
   CODE SIZE        =    127    ----
   CONSTANT SIZE    =   ----    ----
   XDATA SIZE       =   ----    ----
   PDATA SIZE       =   ----    ----
   DATA SIZE        =   ----       1
   IDATA SIZE       =   ----    ----
   BIT SIZE         =   ----    ----
END OF MODULE INFORMATION.


C51 COMPILATION COMPLETE.  0 WARNING(S),  0 ERROR(S)
