C51 COMPILER V9.51   DELAY                                                                 02/26/2014 15:42:01 PAGE 1   


C51 COMPILER V9.51, COMPILATION OF MODULE DELAY
OBJECT MODULE PLACED IN Delay.OBJ
COMPILER INVOKED BY: D:\Program Files (x86)\keil\C51\BIN\C51.EXE Delay.c BROWSE DEBUG OBJECTEXTEND TABS(3)

line level    source

   1          /*---------------------------------------------------
   2             Delay.c (v1.00)
   3             
   4             Delay functions
   5          ---------------------------------------------------*/ 
   6          
   7          #include "main.h"
   8          #include "port.h"
   9          
  10          #include "Delay.h"
  11          
  12          /*---------------------------------------------------
  13             Delay()
  14             延迟程序
  15          --------------------------------------------------*/
  16          
  17          void Delay(unsigned int n)
  18          {
  19   1         unsigned int x;
  20   1         while(n--)
  21   1         {
  22   2            x=5000;
  23   2            while(x--);
  24   2         }
  25   1      }
  26          
  27          /*---------------------------------------------------
  28             Delay3()
  29             延迟程序
  30          --------------------------------------------------*/
  31          
  32          void Delay3(unsigned int t)
  33          {
  34   1         tWord i;
  35   1         tByte j;
  36   1         for(i=0;i<t;i++)     
  37   1         for(j=0;j<21;j++);
  38   1      }
  39          
  40          /*---------------------------------------------------
  41             Delay4()
  42             延迟程序
  43          --------------------------------------------------*/
  44          
  45          void Delay4(tWord t)
  46          {
  47   1         tWord i;
  48   1         tByte j;
  49   1         for(i=0;i<t;i++)     
  50   1         for(j=0;j<34;j++);
  51   1      }
  52             
  53          /*--------------------------------------------------
  54             delay_ms()
  55             
C51 COMPILER V9.51   DELAY                                                                 02/26/2014 15:42:01 PAGE 2   

  56             延迟约为1ms的子程序
  57          ----------------------------------------------------*/
  58          
  59          void delay_ms(tWord count)
  60          {
  61   1         tWord i, j;
  62   1         for(i=0;i<count;i++)
  63   1         {
  64   2            for(j=0;j<100;j++);
  65   2         }
  66   1      }
  67          
  68          /*--------------------------------------------------
  69             delay_us()
  70             
  71             延迟约为1us的子程序
  72          ----------------------------------------------------*/
  73          
  74          void delay_us(tWord count1)
  75             {
  76   1         tWord i;
  77   1         tByte j;
  78   1         for(i=0;i<count1;i++)
  79   1            {
  80   2            for(j=0;j<4;j++);
  81   2            }
  82   1         }
  83          
  84          /*----------------------------------------------------
  85             magnet_delay()
  86             电磁铁的延迟程序，要在里面加入对过流的判断
  87          -----------------------------------------------------*/
  88          void magnet_delay(void)
  89             {
  90   1         tByte i;
  91   1         tWord j;                                                                                                 
             -       
  92   1         for(i = 0; i < 50; i++)
  93   1            {
  94   2            for(j = 0; j< 8000; j++);
  95   2            }
  96   1         for(i = 0; i < 50; i++)
  97   1            {
  98   2            if(magnet_overcurrent == 1)
  99   2               {
 100   3               for(j = 0; j< 18000; j++);
 101   3               }
 102   2            }
 103   1      
 104   1         }
 105          /*---------------------------------------------------
 106             end of file
 107          ----------------------------------------------------*/


MODULE INFORMATION:   STATIC OVERLAYABLE
   CODE SIZE        =    175    ----
   CONSTANT SIZE    =   ----    ----
   XDATA SIZE       =   ----    ----
   PDATA SIZE       =   ----    ----
   DATA SIZE        =   ----    ----
   IDATA SIZE       =   ----    ----
C51 COMPILER V9.51   DELAY                                                                 02/26/2014 15:42:01 PAGE 3   

   BIT SIZE         =   ----    ----
END OF MODULE INFORMATION.


C51 COMPILATION COMPLETE.  0 WARNING(S),  0 ERROR(S)
